Operation,Global Time,Logical Time,Length of Message Queue
